// Jest Snapshot v1, https://goo.gl/fbAQLP

exports[`Platforms card Should match snapshot 1`] = `
<div>
  <li
    class="card"
  >
    <div
      class="card__img-container"
    >
      <picture>
        <img
          alt="cedro"
          src="undefinedcedro.png"
        />
      </picture>
    </div>
    <h3
      class="card__title"
    >
      Start trade
    </h3>
    <span
      class="card__price"
    >
      R$ 39,90/mês
    </span>
    <p
      class="card__description"
    >
      Versão Start da Fast trade na medida para atender o trader que procura
   custo benefício aliados a boas funcionalidades gráficas, ferramentas
   como Times & Trades, Chart Trading, Resumo das Bolsas entre outros.
    </p>
    <span
      class="card__subtitle "
    >
      *Demonstrativo: 7 dias
    </span>
    <a
      class="link link__contained undefined"
      href="https://corretora.miraeasset.com.br/Home/Login"
    >
      Contratar
    </a>
  </li>
</div>
`;
