// Jest Snapshot v1, https://goo.gl/fbAQLP

exports[`Link renders link unchanged 1`] = `
<div>
  <a
    class="link  undefined"
    href="/home"
  >
    Link
  </a>
</div>
`;
